Traceback (most recent call last):
  File "C:\Users\mgebremedhin\AppData\Local\miniconda3\Lib\site-packages\jupyter_cache\executors\utils.py", line 58, in single_nb_execution
    executenb(
  File "C:\Users\mgebremedhin\AppData\Local\miniconda3\Lib\site-packages\nbclient\client.py", line 1314, in execute
    return NotebookClient(nb=nb, resources=resources, km=km, **kwargs).execute()
           ^^^^^^^^^^^^^^^^^^^^^^^^^^^^^^^^^^^^^^^^^^^^^^^^^^^^^^^^^^^^^^^^^^^^^
  File "C:\Users\mgebremedhin\AppData\Local\miniconda3\Lib\site-packages\jupyter_core\utils\__init__.py", line 165, in wrapped
    return loop.run_until_complete(inner)
           ^^^^^^^^^^^^^^^^^^^^^^^^^^^^^^
  File "C:\Users\mgebremedhin\AppData\Local\miniconda3\Lib\asyncio\base_events.py", line 687, in run_until_complete
    return future.result()
           ^^^^^^^^^^^^^^^
  File "C:\Users\mgebremedhin\AppData\Local\miniconda3\Lib\site-packages\nbclient\client.py", line 709, in async_execute
    await self.async_execute_cell(
  File "C:\Users\mgebremedhin\AppData\Local\miniconda3\Lib\site-packages\nbclient\client.py", line 1062, in async_execute_cell
    await self._check_raise_for_error(cell, cell_index, exec_reply)
  File "C:\Users\mgebremedhin\AppData\Local\miniconda3\Lib\site-packages\nbclient\client.py", line 918, in _check_raise_for_error
    raise CellExecutionError.from_cell_and_msg(cell, exec_reply_content)
nbclient.exceptions.CellExecutionError: An error occurred while executing the following cell:
------------------
import numpy as np
import pandas as pd
pd.set_option('max_columns', None)
import matplotlib.pyplot as plt
import matplotlib.dates as mdates
import seaborn as sns
from datetime import date
from datetime import datetime
from dateutil.relativedelta import relativedelta

from pathlib import Path
import random

#AGU Poster code
------------------


[1;31m---------------------------------------------------------------------------[0m
[1;31mOptionError[0m                               Traceback (most recent call last)
Cell [1;32mIn[1], line 3[0m
[0;32m      1[0m [38;5;28;01mimport[39;00m [38;5;21;01mnumpy[39;00m [38;5;28;01mas[39;00m [38;5;21;01mnp[39;00m
[0;32m      2[0m [38;5;28;01mimport[39;00m [38;5;21;01mpandas[39;00m [38;5;28;01mas[39;00m [38;5;21;01mpd[39;00m
[1;32m----> 3[0m [43mpd[49m[38;5;241;43m.[39;49m[43mset_option[49m[43m([49m[38;5;124;43m'[39;49m[38;5;124;43mmax_columns[39;49m[38;5;124;43m'[39;49m[43m,[49m[43m [49m[38;5;28;43;01mNone[39;49;00m[43m)[49m
[0;32m      4[0m [38;5;28;01mimport[39;00m [38;5;21;01mmatplotlib[39;00m[38;5;21;01m.[39;00m[38;5;21;01mpyplot[39;00m [38;5;28;01mas[39;00m [38;5;21;01mplt[39;00m
[0;32m      5[0m [38;5;28;01mimport[39;00m [38;5;21;01mmatplotlib[39;00m[38;5;21;01m.[39;00m[38;5;21;01mdates[39;00m [38;5;28;01mas[39;00m [38;5;21;01mmdates[39;00m

File [1;32m~\AppData\Local\miniconda3\Lib\site-packages\pandas\_config\config.py:274[0m, in [0;36mCallableDynamicDoc.__call__[1;34m(self, *args, **kwds)[0m
[0;32m    273[0m [38;5;28;01mdef[39;00m [38;5;21m__call__[39m([38;5;28mself[39m, [38;5;241m*[39margs, [38;5;241m*[39m[38;5;241m*[39mkwds) [38;5;241m-[39m[38;5;241m>[39m T:
[1;32m--> 274[0m     [38;5;28;01mreturn[39;00m [38;5;28;43mself[39;49m[38;5;241;43m.[39;49m[38;5;18;43m__func__[39;49m[43m([49m[38;5;241;43m*[39;49m[43margs[49m[43m,[49m[43m [49m[38;5;241;43m*[39;49m[38;5;241;43m*[39;49m[43mkwds[49m[43m)[49m

File [1;32m~\AppData\Local\miniconda3\Lib\site-packages\pandas\_config\config.py:167[0m, in [0;36m_set_option[1;34m(*args, **kwargs)[0m
[0;32m    164[0m     [38;5;28;01mraise[39;00m [38;5;167;01mTypeError[39;00m([38;5;124mf[39m[38;5;124m'[39m[38;5;124m_set_option() got an unexpected keyword argument [39m[38;5;124m"[39m[38;5;132;01m{[39;00mkwarg[38;5;132;01m}[39;00m[38;5;124m"[39m[38;5;124m'[39m)
[0;32m    166[0m [38;5;28;01mfor[39;00m k, v [38;5;129;01min[39;00m [38;5;28mzip[39m(args[::[38;5;241m2[39m], args[[38;5;241m1[39m::[38;5;241m2[39m]):
[1;32m--> 167[0m     key [38;5;241m=[39m [43m_get_single_key[49m[43m([49m[43mk[49m[43m,[49m[43m [49m[43msilent[49m[43m)[49m
[0;32m    169[0m     o [38;5;241m=[39m _get_registered_option(key)
[0;32m    170[0m     [38;5;28;01mif[39;00m o [38;5;129;01mand[39;00m o[38;5;241m.[39mvalidator:

File [1;32m~\AppData\Local\miniconda3\Lib\site-packages\pandas\_config\config.py:134[0m, in [0;36m_get_single_key[1;34m(pat, silent)[0m
[0;32m    132[0m     [38;5;28;01mraise[39;00m OptionError([38;5;124mf[39m[38;5;124m"[39m[38;5;124mNo such keys(s): [39m[38;5;132;01m{[39;00m[38;5;28mrepr[39m(pat)[38;5;132;01m}[39;00m[38;5;124m"[39m)
[0;32m    133[0m [38;5;28;01mif[39;00m [38;5;28mlen[39m(keys) [38;5;241m>[39m [38;5;241m1[39m:
[1;32m--> 134[0m     [38;5;28;01mraise[39;00m OptionError([38;5;124m"[39m[38;5;124mPattern matched multiple keys[39m[38;5;124m"[39m)
[0;32m    135[0m key [38;5;241m=[39m keys[[38;5;241m0[39m]
[0;32m    137[0m [38;5;28;01mif[39;00m [38;5;129;01mnot[39;00m silent:

[1;31mOptionError[0m: Pattern matched multiple keys

