Traceback (most recent call last):
  File "C:\Users\mgebremedhin\AppData\Local\miniconda3\Lib\site-packages\jupyter_cache\executors\utils.py", line 58, in single_nb_execution
    executenb(
  File "C:\Users\mgebremedhin\AppData\Local\miniconda3\Lib\site-packages\nbclient\client.py", line 1314, in execute
    return NotebookClient(nb=nb, resources=resources, km=km, **kwargs).execute()
           ^^^^^^^^^^^^^^^^^^^^^^^^^^^^^^^^^^^^^^^^^^^^^^^^^^^^^^^^^^^^^^^^^^^^^
  File "C:\Users\mgebremedhin\AppData\Local\miniconda3\Lib\site-packages\jupyter_core\utils\__init__.py", line 165, in wrapped
    return loop.run_until_complete(inner)
           ^^^^^^^^^^^^^^^^^^^^^^^^^^^^^^
  File "C:\Users\mgebremedhin\AppData\Local\miniconda3\Lib\asyncio\base_events.py", line 687, in run_until_complete
    return future.result()
           ^^^^^^^^^^^^^^^
  File "C:\Users\mgebremedhin\AppData\Local\miniconda3\Lib\site-packages\nbclient\client.py", line 709, in async_execute
    await self.async_execute_cell(
  File "C:\Users\mgebremedhin\AppData\Local\miniconda3\Lib\site-packages\nbclient\client.py", line 1062, in async_execute_cell
    await self._check_raise_for_error(cell, cell_index, exec_reply)
  File "C:\Users\mgebremedhin\AppData\Local\miniconda3\Lib\site-packages\nbclient\client.py", line 918, in _check_raise_for_error
    raise CellExecutionError.from_cell_and_msg(cell, exec_reply_content)
nbclient.exceptions.CellExecutionError: An error occurred while executing the following cell:
------------------
# Read all files
ds = xr.open_mfdataset(f"{zos_folder}/*.nc", combine="by_coords")  # , parallel=True
------------------


[1;31m---------------------------------------------------------------------------[0m
[1;31mOSError[0m                                   Traceback (most recent call last)
Cell [1;32mIn[4], line 2[0m
[0;32m      1[0m [38;5;66;03m# Read all files[39;00m
[1;32m----> 2[0m ds [38;5;241m=[39m [43mxr[49m[38;5;241;43m.[39;49m[43mopen_mfdataset[49m[43m([49m[38;5;124;43mf[39;49m[38;5;124;43m"[39;49m[38;5;132;43;01m{[39;49;00m[43mzos_folder[49m[38;5;132;43;01m}[39;49;00m[38;5;124;43m/*.nc[39;49m[38;5;124;43m"[39;49m[43m,[49m[43m [49m[43mcombine[49m[38;5;241;43m=[39;49m[38;5;124;43m"[39;49m[38;5;124;43mby_coords[39;49m[38;5;124;43m"[39;49m[43m)[49m  [38;5;66;03m# , parallel=True[39;00m

File [1;32m~\AppData\Local\miniconda3\Lib\site-packages\xarray\backends\api.py:1541[0m, in [0;36mopen_mfdataset[1;34m(paths, chunks, concat_dim, compat, preprocess, engine, data_vars, coords, combine, parallel, join, attrs_file, combine_attrs, **kwargs)[0m
[0;32m   1538[0m paths [38;5;241m=[39m _find_absolute_paths(paths, engine[38;5;241m=[39mengine, [38;5;241m*[39m[38;5;241m*[39mkwargs)
[0;32m   1540[0m [38;5;28;01mif[39;00m [38;5;129;01mnot[39;00m paths:
[1;32m-> 1541[0m     [38;5;28;01mraise[39;00m [38;5;167;01mOSError[39;00m([38;5;124m"[39m[38;5;124mno files to open[39m[38;5;124m"[39m)
[0;32m   1543[0m paths1d: [38;5;28mlist[39m[[38;5;28mstr[39m [38;5;241m|[39m ReadBuffer]
[0;32m   1544[0m [38;5;28;01mif[39;00m combine [38;5;241m==[39m [38;5;124m"[39m[38;5;124mnested[39m[38;5;124m"[39m:

[1;31mOSError[0m: no files to open

